
Memory Configuration

Name             Origin             Length             Attributes
SRAM             0x20000000         0x00018000         xrw
FLASH            0x08000000         0x00080000         xr
*default*        0x00000000         0xffffffff

Linker script and memory map

LOAD src/obj/main.o
LOAD src/obj/startup_STM32F401RE.o
                0x20018000                        _estack = (ORIGIN (SRAM) + LENGTH (SRAM))

.isr_vector     0x08000000      0x194
                0x08000000                        . = ALIGN (0x4)
 *(.isr_vector)
 .isr_vector    0x08000000      0x194 src/obj/startup_STM32F401RE.o
                0x08000000                fpn_vector
                0x08000194                        . = ALIGN (0x4)

.text           0x08000194      0x15c
                0x08000194                        . = ALIGN (0x4)
 *(.text)
 .text          0x08000194       0x84 src/obj/main.o
                0x08000194                wait_ms
                0x080001d0                main
 .text          0x08000218       0x6c src/obj/startup_STM32F401RE.o
                0x08000218                Reset_handler
                0x0800027c                UART2_handler
                0x0800027c                EXTI15_10_handler
                0x0800027c                DMA1_Stream7_handler
                0x0800027c                UART1_handler
                0x0800027c                TIM1_UP_TIM10_handler
                0x0800027c                EXTI0_handler
                0x0800027c                DMA1_Stream1_handler
                0x0800027c                SDIO_handler
                0x0800027c                NMI_handler
                0x0800027c                DMA2_Stream3_handler
                0x0800027c                TIM2_handler
                0x0800027c                SPI3_handler
                0x0800027c                TIM3_handler
                0x0800027c                WWDG_handler
                0x0800027c                UART6_handler
                0x0800027c                SPI2_handler
                0x0800027c                UsuageFault_handler
                0x0800027c                SVCall_handler
                0x0800027c                DMA2_Stream6_handler
                0x0800027c                DebugMonitor_handler
                0x0800027c                I2C3_ER_handler
                0x0800027c                DMA1_Stream3_handler
                0x0800027c                MemManage_handler
                0x0800027c                SPI4_handler
                0x0800027c                HardFault_handler
                0x0800027c                DMA1_Stream5_handler
                0x0800027c                FPU_handler
                0x0800027c                DMA2_Stream5_handler
                0x0800027c                EXITI21_TAMP_STAMP_handler
                0x0800027c                EXTI18_OTG_FS_WKUP_handler
                0x0800027c                RCC_handler
                0x0800027c                Systick_handler
                0x0800027c                EXTI2_handler
                0x0800027c                DMA2_Stream1_handler
                0x0800027c                I2C1_ER_handler
                0x0800027c                EXTI9_5__handler
                0x0800027c                EXTI17_RTC_Alarm_handler
                0x0800027c                I2C2_EV_handler
                0x0800027c                EXITI22_RTC_WKUP_handler
                0x0800027c                EXTI3_handler
                0x0800027c                DMA2_Stream0_handler
                0x0800027c                FLASH_handler
                0x0800027c                OTG_FS_handler
                0x0800027c                DMA1_Stream4_handler
                0x0800027c                I2C2_ER_handler
                0x0800027c                TIM1_BRK_TIM9_handler
                0x0800027c                TIM4_handler
                0x0800027c                DMA1_Stream2_handler
                0x0800027c                EXTI4_handler
                0x0800027c                DMA1_Stream6_handler
                0x0800027c                ADC_handler
                0x0800027c                I2C1_EV_handler
                0x0800027c                SPI1_handler
                0x0800027c                DMA2_Stream4_handler
                0x0800027c                PendSV_handler
                0x0800027c                DMA2_Stream7_handler
                0x0800027c                DMA1_Stream0_handler
                0x0800027c                DMA2_Stream2_handler
                0x0800027c                EXTI1_handler
                0x0800027c                TIM1_TRG_COM_TIM11_handler
                0x0800027c                TIM5_handler
                0x0800027c                EXITI16_PVD__handler
                0x0800027c                I2C3_EV_handler
                0x0800027c                BusFault_handler
                0x0800027c                TIM1_CC_handler
                0x0800027c                Default_handler
 *(.text.*)
 *(.eh_frame)
 *(.init)
 *(.fini)
 *(.ARM)
 *(.ARM*)
 .ARM.attributes
                0x08000284       0x2e src/obj/main.o
 .ARM.attributes
                0x080002b2       0x2e src/obj/startup_STM32F401RE.o
 *(.rodata)
 .rodata        0x080002e0       0x10 src/obj/main.o
                0x080002e0                RCC
                0x080002e4                GPIOA
                0x080002e8                USART2
                0x080002ec                NVIC
 *(.rodata.*)
                0x080002f0                        . = ALIGN (0x4)
                0x080002f0                        _sidata = LOADADDR (.data)

.glue_7         0x080002f0        0x0
 .glue_7        0x080002f0        0x0 linker stubs

.glue_7t        0x080002f0        0x0
 .glue_7t       0x080002f0        0x0 linker stubs

.vfp11_veneer   0x080002f0        0x0
 .vfp11_veneer  0x080002f0        0x0 linker stubs

.v4_bx          0x080002f0        0x0
 .v4_bx         0x080002f0        0x0 linker stubs

.iplt           0x080002f0        0x0
 .iplt          0x080002f0        0x0 src/obj/main.o

.rel.dyn        0x080002f0        0x0
 .rel.iplt      0x080002f0        0x0 src/obj/main.o

.data           0x20000000        0x0 load address 0x080002f0
                0x20000000                        . = ALIGN (0x4)
                0x20000000                        _sdata = .
 *(.data)
 .data          0x20000000        0x0 src/obj/main.o
 .data          0x20000000        0x0 src/obj/startup_STM32F401RE.o
 *(.data.*)
 *(.init_*)
 *(.fini_*)
                0x20000000                        . = ALIGN (0x4)
                0x20000000                        _edata = .

.igot.plt       0x20000000        0x0 load address 0x080002f0
 .igot.plt      0x20000000        0x0 src/obj/main.o

.bss            0x20000000        0x0 load address 0x080002f0
                0x20000000                        . = ALIGN (0x4)
                0x20000000                        _sbss = .
                0x20000000                        __bss_start__ = _sbss
 *(.bss)
 .bss           0x20000000        0x0 src/obj/main.o
 .bss           0x20000000        0x0 src/obj/startup_STM32F401RE.o
 *(.bss.*)
                0x20000000                        . = ALIGN (0x4)
                0x20000000                        _ebss = .
                0x20000000                        __bss_end__ = _ebss
                0x20000000                        . = ALIGN (0x4)
                0x20000000                        end = __bss_end__
OUTPUT(debug/main.elf elf32-littlearm)
LOAD linker stubs

.debug_info     0x00000000      0x5f7
 .debug_info    0x00000000      0x47a src/obj/main.o
 .debug_info    0x0000047a      0x17d src/obj/startup_STM32F401RE.o

.debug_abbrev   0x00000000      0x22b
 .debug_abbrev  0x00000000      0x131 src/obj/main.o
 .debug_abbrev  0x00000131       0xfa src/obj/startup_STM32F401RE.o

.debug_aranges  0x00000000       0x40
 .debug_aranges
                0x00000000       0x20 src/obj/main.o
 .debug_aranges
                0x00000020       0x20 src/obj/startup_STM32F401RE.o

.debug_line     0x00000000      0x24b
 .debug_line    0x00000000      0x134 src/obj/main.o
 .debug_line    0x00000134      0x117 src/obj/startup_STM32F401RE.o

.debug_str      0x00000000      0x3af
 .debug_str     0x00000000      0x324 src/obj/main.o
                                0x361 (size before relaxing)
 .debug_str     0x00000324       0x8b src/obj/startup_STM32F401RE.o
                                0x1b0 (size before relaxing)

.comment        0x00000000       0x4c
 .comment       0x00000000       0x4c src/obj/main.o
                                 0x4d (size before relaxing)
 .comment       0x0000004c       0x4d src/obj/startup_STM32F401RE.o

.debug_frame    0x00000000       0xa0
 .debug_frame   0x00000000       0x54 src/obj/main.o
 .debug_frame   0x00000054       0x4c src/obj/startup_STM32F401RE.o
